// Jest Snapshot v1, https://goo.gl/fbAQLP

exports[`Pruebas en <GifGridItems /> Debe hacer match con el snapshot 1`] = `
<div>
  <div
    class="card"
  >
    <img
      alt="Título de prueba"
      src="https://urldeprueba.com/"
    />
    <p>
      Título de prueba
    </p>
  </div>
</div>
`;
